<?xml version="1.0" ?>
<testsuites disabled="0" errors="0" failures="0" tests="3" time="0.0664086259994292">
	<testsuite disabled="0" errors="0" failures="0" hostname="NNNB2157" name="schemathesis" skipped="0" tests="3" time="0.0664086259994292">
		<testcase name="GET /deviceInfo" time="0.039307"/>
		<testcase name="GET /customer" time="0.010061"/>
		<testcase name="GET /measuringPoints" time="0.017040"/>
	</testsuite>
</testsuites>
